[2025-10-18T18:22:33.862+0000] {local_task_job_runner.py:123} INFO - ::group::Pre task execution logs
[2025-10-18T18:22:33.873+0000] {taskinstance.py:2612} INFO - Dependencies all met for dep_context=non-requeueable deps ti=<TaskInstance: extract_raw_data_pipeline.run_dbt_trusted manual__2025-10-18T18:22:27.689813+00:00 [queued]>
[2025-10-18T18:22:33.877+0000] {taskinstance.py:2612} INFO - Dependencies all met for dep_context=requeueable deps ti=<TaskInstance: extract_raw_data_pipeline.run_dbt_trusted manual__2025-10-18T18:22:27.689813+00:00 [queued]>
[2025-10-18T18:22:33.877+0000] {taskinstance.py:2865} INFO - Starting attempt 1 of 1
[2025-10-18T18:22:33.887+0000] {taskinstance.py:2888} INFO - Executing <Task(BashOperator): run_dbt_trusted> on 2025-10-18 18:22:27.689813+00:00
[2025-10-18T18:22:33.891+0000] {warnings.py:112} WARNING - /home/***/.local/lib/python3.12/site-packages/***/task/task_runner/standard_task_runner.py:70: DeprecationWarning: This process (pid=1131) is multi-threaded, use of fork() may lead to deadlocks in the child.
  pid = os.fork()

[2025-10-18T18:22:33.892+0000] {standard_task_runner.py:72} INFO - Started process 1133 to run task
[2025-10-18T18:22:33.892+0000] {standard_task_runner.py:104} INFO - Running: ['***', 'tasks', 'run', 'extract_raw_data_pipeline', 'run_dbt_trusted', 'manual__2025-10-18T18:22:27.689813+00:00', '--job-id', '12', '--raw', '--subdir', 'DAGS_FOLDER/driven_data_pipeline.py', '--cfg-path', '/tmp/tmpy7tywify']
[2025-10-18T18:22:33.893+0000] {standard_task_runner.py:105} INFO - Job 12: Subtask run_dbt_trusted
[2025-10-18T18:22:33.936+0000] {task_command.py:467} INFO - Running <TaskInstance: extract_raw_data_pipeline.run_dbt_trusted manual__2025-10-18T18:22:27.689813+00:00 [running]> on host 84bff775251d
[2025-10-18T18:22:34.003+0000] {taskinstance.py:3131} INFO - Exporting env vars: AIRFLOW_CTX_DAG_OWNER='***' AIRFLOW_CTX_DAG_ID='extract_raw_data_pipeline' AIRFLOW_CTX_TASK_ID='run_dbt_trusted' AIRFLOW_CTX_EXECUTION_DATE='2025-10-18T18:22:27.689813+00:00' AIRFLOW_CTX_TRY_NUMBER='1' AIRFLOW_CTX_DAG_RUN_ID='manual__2025-10-18T18:22:27.689813+00:00'
[2025-10-18T18:22:34.003+0000] {taskinstance.py:731} INFO - ::endgroup::
[2025-10-18T18:22:34.009+0000] {subprocess.py:63} INFO - Tmp dir root location: /tmp
[2025-10-18T18:22:34.010+0000] {subprocess.py:75} INFO - Running command: ['/usr/bin/bash', '-c', 'set -x; cd /opt/***/dbt && dbt run --select tag:trusted']
[2025-10-18T18:22:34.014+0000] {subprocess.py:86} INFO - Output:
[2025-10-18T18:22:34.015+0000] {subprocess.py:93} INFO - + cd /opt/***/dbt
[2025-10-18T18:22:34.015+0000] {subprocess.py:93} INFO - + dbt run --select tag:trusted
[2025-10-18T18:22:35.025+0000] {subprocess.py:93} INFO - [0m18:22:35  Running with dbt=1.8.0
[2025-10-18T18:22:35.150+0000] {subprocess.py:93} INFO - [0m18:22:35  Registered adapter: postgres=1.8.2
[2025-10-18T18:22:35.342+0000] {subprocess.py:93} INFO - [0m18:22:35  Found 10 sources, 428 macros
[2025-10-18T18:22:35.343+0000] {subprocess.py:93} INFO - [0m18:22:35  The selection criterion 'tag:trusted' does not match any enabled nodes
[2025-10-18T18:22:35.343+0000] {subprocess.py:93} INFO - [0m18:22:35
[2025-10-18T18:22:35.344+0000] {subprocess.py:93} INFO - [0m18:22:35  Nothing to do. Try checking your model configs and model specification args
[2025-10-18T18:22:35.928+0000] {subprocess.py:97} INFO - Command exited with return code 0
[2025-10-18T18:22:35.943+0000] {taskinstance.py:340} INFO - ::group::Post task execution logs
[2025-10-18T18:22:35.943+0000] {taskinstance.py:352} INFO - Marking task as SUCCESS. dag_id=extract_raw_data_pipeline, task_id=run_dbt_trusted, run_id=manual__2025-10-18T18:22:27.689813+00:00, execution_date=20251018T182227, start_date=20251018T182233, end_date=20251018T182235
[2025-10-18T18:22:35.953+0000] {local_task_job_runner.py:266} INFO - Task exited with return code 0
[2025-10-18T18:22:35.965+0000] {taskinstance.py:3900} INFO - 0 downstream tasks scheduled from follow-on schedule check
[2025-10-18T18:22:35.966+0000] {local_task_job_runner.py:245} INFO - ::endgroup::
