[2025-10-18T19:11:17.966+0000] {local_task_job_runner.py:123} INFO - ::group::Pre task execution logs
[2025-10-18T19:11:17.974+0000] {taskinstance.py:2612} INFO - Dependencies all met for dep_context=non-requeueable deps ti=<TaskInstance: extract_raw_data_pipeline.extract_raw_data manual__2025-10-18T19:11:16.890727+00:00 [queued]>
[2025-10-18T19:11:17.979+0000] {taskinstance.py:2612} INFO - Dependencies all met for dep_context=requeueable deps ti=<TaskInstance: extract_raw_data_pipeline.extract_raw_data manual__2025-10-18T19:11:16.890727+00:00 [queued]>
[2025-10-18T19:11:17.979+0000] {taskinstance.py:2865} INFO - Starting attempt 1 of 1
[2025-10-18T19:11:17.985+0000] {taskinstance.py:2888} INFO - Executing <Task(PythonOperator): extract_raw_data> on 2025-10-18 19:11:16.890727+00:00
[2025-10-18T19:11:17.988+0000] {warnings.py:112} WARNING - /home/***/.local/lib/python3.12/site-packages/***/task/task_runner/standard_task_runner.py:70: DeprecationWarning: This process (pid=1862) is multi-threaded, use of fork() may lead to deadlocks in the child.
  pid = os.fork()

[2025-10-18T19:11:17.989+0000] {standard_task_runner.py:72} INFO - Started process 1865 to run task
[2025-10-18T19:11:17.990+0000] {standard_task_runner.py:104} INFO - Running: ['***', 'tasks', 'run', 'extract_raw_data_pipeline', 'extract_raw_data', 'manual__2025-10-18T19:11:16.890727+00:00', '--job-id', '23', '--raw', '--subdir', 'DAGS_FOLDER/driven_data_pipeline.py', '--cfg-path', '/tmp/tmpz6ur1hoo']
[2025-10-18T19:11:17.991+0000] {standard_task_runner.py:105} INFO - Job 23: Subtask extract_raw_data
[2025-10-18T19:11:18.012+0000] {task_command.py:467} INFO - Running <TaskInstance: extract_raw_data_pipeline.extract_raw_data manual__2025-10-18T19:11:16.890727+00:00 [running]> on host 84bff775251d
[2025-10-18T19:11:18.046+0000] {taskinstance.py:3131} INFO - Exporting env vars: AIRFLOW_CTX_DAG_OWNER='***' AIRFLOW_CTX_DAG_ID='extract_raw_data_pipeline' AIRFLOW_CTX_TASK_ID='extract_raw_data' AIRFLOW_CTX_EXECUTION_DATE='2025-10-18T19:11:16.890727+00:00' AIRFLOW_CTX_TRY_NUMBER='1' AIRFLOW_CTX_DAG_RUN_ID='manual__2025-10-18T19:11:16.890727+00:00'
[2025-10-18T19:11:18.046+0000] {taskinstance.py:731} INFO - ::endgroup::
[2025-10-18T19:11:18.052+0000] {driven_data_pipeline.py:135} INFO - Started batch processing for 2025-10-18.
[2025-10-18T19:11:18.053+0000] {driven_data_pipeline.py:27} INFO - Created synthetic data for MX country code.
[2025-10-18T19:11:45.611+0000] {driven_data_pipeline.py:92} INFO - Written 300372 records to the CSV file.
[2025-10-18T19:11:46.206+0000] {driven_data_pipeline.py:108} INFO - Added UUID to the dataset.
[2025-10-18T19:11:46.354+0000] {driven_data_pipeline.py:127} INFO - Updated accessed timestamp.
[2025-10-18T19:11:46.355+0000] {driven_data_pipeline.py:143} INFO - Finished batch processing 2025-10-18.
[2025-10-18T19:11:46.355+0000] {python.py:240} INFO - Done. Returned value was: None
[2025-10-18T19:11:46.359+0000] {taskinstance.py:340} INFO - ::group::Post task execution logs
[2025-10-18T19:11:46.360+0000] {taskinstance.py:352} INFO - Marking task as SUCCESS. dag_id=extract_raw_data_pipeline, task_id=extract_raw_data, run_id=manual__2025-10-18T19:11:16.890727+00:00, execution_date=20251018T191116, start_date=20251018T191117, end_date=20251018T191146
[2025-10-18T19:11:46.421+0000] {local_task_job_runner.py:266} INFO - Task exited with return code 0
[2025-10-18T19:11:46.432+0000] {taskinstance.py:3900} INFO - 1 downstream tasks scheduled from follow-on schedule check
[2025-10-18T19:11:46.433+0000] {local_task_job_runner.py:245} INFO - ::endgroup::
