[2025-10-18T19:31:51.082+0000] {local_task_job_runner.py:123} INFO - ::group::Pre task execution logs
[2025-10-18T19:31:51.088+0000] {taskinstance.py:2612} INFO - Dependencies all met for dep_context=non-requeueable deps ti=<TaskInstance: extract_raw_data_pipeline.run_dbt_trusted manual__2025-10-18T19:31:13.226744+00:00 [queued]>
[2025-10-18T19:31:51.091+0000] {taskinstance.py:2612} INFO - Dependencies all met for dep_context=requeueable deps ti=<TaskInstance: extract_raw_data_pipeline.run_dbt_trusted manual__2025-10-18T19:31:13.226744+00:00 [queued]>
[2025-10-18T19:31:51.091+0000] {taskinstance.py:2865} INFO - Starting attempt 1 of 1
[2025-10-18T19:31:51.096+0000] {taskinstance.py:2888} INFO - Executing <Task(BashOperator): run_dbt_trusted> on 2025-10-18 19:31:13.226744+00:00
[2025-10-18T19:31:51.099+0000] {warnings.py:112} WARNING - /home/***/.local/lib/python3.12/site-packages/***/task/task_runner/standard_task_runner.py:70: DeprecationWarning: This process (pid=2260) is multi-threaded, use of fork() may lead to deadlocks in the child.
  pid = os.fork()

[2025-10-18T19:31:51.100+0000] {standard_task_runner.py:72} INFO - Started process 2262 to run task
[2025-10-18T19:31:51.100+0000] {standard_task_runner.py:104} INFO - Running: ['***', 'tasks', 'run', 'extract_raw_data_pipeline', 'run_dbt_trusted', 'manual__2025-10-18T19:31:13.226744+00:00', '--job-id', '40', '--raw', '--subdir', 'DAGS_FOLDER/driven_data_pipeline.py', '--cfg-path', '/tmp/tmpjkj3bbwx']
[2025-10-18T19:31:51.101+0000] {standard_task_runner.py:105} INFO - Job 40: Subtask run_dbt_trusted
[2025-10-18T19:31:51.123+0000] {task_command.py:467} INFO - Running <TaskInstance: extract_raw_data_pipeline.run_dbt_trusted manual__2025-10-18T19:31:13.226744+00:00 [running]> on host 84bff775251d
[2025-10-18T19:31:51.154+0000] {taskinstance.py:3131} INFO - Exporting env vars: AIRFLOW_CTX_DAG_OWNER='***' AIRFLOW_CTX_DAG_ID='extract_raw_data_pipeline' AIRFLOW_CTX_TASK_ID='run_dbt_trusted' AIRFLOW_CTX_EXECUTION_DATE='2025-10-18T19:31:13.226744+00:00' AIRFLOW_CTX_TRY_NUMBER='1' AIRFLOW_CTX_DAG_RUN_ID='manual__2025-10-18T19:31:13.226744+00:00'
[2025-10-18T19:31:51.155+0000] {taskinstance.py:731} INFO - ::endgroup::
[2025-10-18T19:31:51.160+0000] {subprocess.py:63} INFO - Tmp dir root location: /tmp
[2025-10-18T19:31:51.161+0000] {subprocess.py:75} INFO - Running command: ['/usr/bin/bash', '-c', 'set -x; cd /opt/***/dbt && dbt run --select tag:trusted']
[2025-10-18T19:31:51.165+0000] {subprocess.py:86} INFO - Output:
[2025-10-18T19:31:51.166+0000] {subprocess.py:93} INFO - + cd /opt/***/dbt
[2025-10-18T19:31:51.167+0000] {subprocess.py:93} INFO - + dbt run --select tag:trusted
[2025-10-18T19:31:52.115+0000] {subprocess.py:93} INFO - [0m19:31:52  Running with dbt=1.8.0
[2025-10-18T19:31:52.201+0000] {subprocess.py:93} INFO - [0m19:31:52  Registered adapter: postgres=1.8.2
[2025-10-18T19:31:52.327+0000] {subprocess.py:93} INFO - [0m19:31:52  Found 9 models, 10 sources, 428 macros
[2025-10-18T19:31:52.328+0000] {subprocess.py:93} INFO - [0m19:31:52
[2025-10-18T19:31:52.377+0000] {subprocess.py:93} INFO - [0m19:31:52  Concurrency: 1 threads (target='dev')
[2025-10-18T19:31:52.378+0000] {subprocess.py:93} INFO - [0m19:31:52
[2025-10-18T19:31:52.383+0000] {subprocess.py:93} INFO - [0m19:31:52  1 of 4 START sql table model driven_trusted.non_pii_data ....................... [RUN]
[2025-10-18T19:31:57.756+0000] {subprocess.py:93} INFO - [0m19:31:57  1 of 4 OK created sql table model driven_trusted.non_pii_data .................. [[32mSELECT 601718[0m in 5.37s]
[2025-10-18T19:31:57.757+0000] {subprocess.py:93} INFO - [0m19:31:57  2 of 4 START sql table model driven_trusted.payment_data ....................... [RUN]
[2025-10-18T19:31:59.583+0000] {subprocess.py:93} INFO - [0m19:31:59  2 of 4 OK created sql table model driven_trusted.payment_data .................. [[32mSELECT 601718[0m in 1.82s]
[2025-10-18T19:31:59.584+0000] {subprocess.py:93} INFO - [0m19:31:59  3 of 4 START sql table model driven_trusted.pii_data ........................... [RUN]
[2025-10-18T19:32:04.972+0000] {subprocess.py:93} INFO - [0m19:32:04  3 of 4 OK created sql table model driven_trusted.pii_data ...................... [[32mSELECT 601718[0m in 5.39s]
[2025-10-18T19:32:04.974+0000] {subprocess.py:93} INFO - [0m19:32:04  4 of 4 START sql table model driven_trusted.technical_data ..................... [RUN]
[2025-10-18T19:32:07.073+0000] {subprocess.py:93} INFO - [0m19:32:07  4 of 4 OK created sql table model driven_trusted.technical_data ................ [[32mSELECT 601718[0m in 2.10s]
[2025-10-18T19:32:07.078+0000] {subprocess.py:93} INFO - [0m19:32:07
[2025-10-18T19:32:07.079+0000] {subprocess.py:93} INFO - [0m19:32:07  Finished running 4 table models in 0 hours 0 minutes and 14.75 seconds (14.75s).
[2025-10-18T19:32:07.097+0000] {subprocess.py:93} INFO - [0m19:32:07
[2025-10-18T19:32:07.098+0000] {subprocess.py:93} INFO - [0m19:32:07  [32mCompleted successfully[0m
[2025-10-18T19:32:07.098+0000] {subprocess.py:93} INFO - [0m19:32:07
[2025-10-18T19:32:07.098+0000] {subprocess.py:93} INFO - [0m19:32:07  Done. PASS=4 WARN=0 ERROR=0 SKIP=0 TOTAL=4
[2025-10-18T19:32:07.539+0000] {subprocess.py:97} INFO - Command exited with return code 0
[2025-10-18T19:32:07.554+0000] {taskinstance.py:340} INFO - ::group::Post task execution logs
[2025-10-18T19:32:07.554+0000] {taskinstance.py:352} INFO - Marking task as SUCCESS. dag_id=extract_raw_data_pipeline, task_id=run_dbt_trusted, run_id=manual__2025-10-18T19:31:13.226744+00:00, execution_date=20251018T193113, start_date=20251018T193151, end_date=20251018T193207
[2025-10-18T19:32:07.565+0000] {local_task_job_runner.py:266} INFO - Task exited with return code 0
[2025-10-18T19:32:07.572+0000] {taskinstance.py:3900} INFO - 0 downstream tasks scheduled from follow-on schedule check
[2025-10-18T19:32:07.573+0000] {local_task_job_runner.py:245} INFO - ::endgroup::
