[2025-10-18T18:22:30.584+0000] {local_task_job_runner.py:123} INFO - ::group::Pre task execution logs
[2025-10-18T18:22:30.590+0000] {taskinstance.py:2612} INFO - Dependencies all met for dep_context=non-requeueable deps ti=<TaskInstance: extract_raw_data_pipeline.run_dbt_staging manual__2025-10-18T18:22:27.689813+00:00 [queued]>
[2025-10-18T18:22:30.593+0000] {taskinstance.py:2612} INFO - Dependencies all met for dep_context=requeueable deps ti=<TaskInstance: extract_raw_data_pipeline.run_dbt_staging manual__2025-10-18T18:22:27.689813+00:00 [queued]>
[2025-10-18T18:22:30.593+0000] {taskinstance.py:2865} INFO - Starting attempt 1 of 1
[2025-10-18T18:22:30.597+0000] {taskinstance.py:2888} INFO - Executing <Task(BashOperator): run_dbt_staging> on 2025-10-18 18:22:27.689813+00:00
[2025-10-18T18:22:30.600+0000] {warnings.py:112} WARNING - /home/***/.local/lib/python3.12/site-packages/***/task/task_runner/standard_task_runner.py:70: DeprecationWarning: This process (pid=1123) is multi-threaded, use of fork() may lead to deadlocks in the child.
  pid = os.fork()

[2025-10-18T18:22:30.601+0000] {standard_task_runner.py:72} INFO - Started process 1125 to run task
[2025-10-18T18:22:30.601+0000] {standard_task_runner.py:104} INFO - Running: ['***', 'tasks', 'run', 'extract_raw_data_pipeline', 'run_dbt_staging', 'manual__2025-10-18T18:22:27.689813+00:00', '--job-id', '11', '--raw', '--subdir', 'DAGS_FOLDER/driven_data_pipeline.py', '--cfg-path', '/tmp/tmp85y7e2vi']
[2025-10-18T18:22:30.602+0000] {standard_task_runner.py:105} INFO - Job 11: Subtask run_dbt_staging
[2025-10-18T18:22:30.621+0000] {task_command.py:467} INFO - Running <TaskInstance: extract_raw_data_pipeline.run_dbt_staging manual__2025-10-18T18:22:27.689813+00:00 [running]> on host 84bff775251d
[2025-10-18T18:22:30.650+0000] {taskinstance.py:3131} INFO - Exporting env vars: AIRFLOW_CTX_DAG_OWNER='***' AIRFLOW_CTX_DAG_ID='extract_raw_data_pipeline' AIRFLOW_CTX_TASK_ID='run_dbt_staging' AIRFLOW_CTX_EXECUTION_DATE='2025-10-18T18:22:27.689813+00:00' AIRFLOW_CTX_TRY_NUMBER='1' AIRFLOW_CTX_DAG_RUN_ID='manual__2025-10-18T18:22:27.689813+00:00'
[2025-10-18T18:22:30.651+0000] {taskinstance.py:731} INFO - ::endgroup::
[2025-10-18T18:22:30.657+0000] {subprocess.py:63} INFO - Tmp dir root location: /tmp
[2025-10-18T18:22:30.657+0000] {subprocess.py:75} INFO - Running command: ['/usr/bin/bash', '-c', 'set -x; cd /opt/***/dbt && dbt run --select tag:staging']
[2025-10-18T18:22:30.662+0000] {subprocess.py:86} INFO - Output:
[2025-10-18T18:22:30.664+0000] {subprocess.py:93} INFO - + cd /opt/***/dbt
[2025-10-18T18:22:30.664+0000] {subprocess.py:93} INFO - + dbt run --select tag:staging
[2025-10-18T18:22:31.704+0000] {subprocess.py:93} INFO - [0m18:22:31  Running with dbt=1.8.0
[2025-10-18T18:22:31.790+0000] {subprocess.py:93} INFO - [0m18:22:31  Registered adapter: postgres=1.8.2
[2025-10-18T18:22:31.821+0000] {subprocess.py:93} INFO - [0m18:22:31  Unable to do partial parsing because saved manifest not found. Starting full parse.
[2025-10-18T18:22:32.167+0000] {subprocess.py:93} INFO - [0m18:22:32  Found 10 sources, 428 macros
[2025-10-18T18:22:32.168+0000] {subprocess.py:93} INFO - [0m18:22:32  The selection criterion 'tag:staging' does not match any enabled nodes
[2025-10-18T18:22:32.168+0000] {subprocess.py:93} INFO - [0m18:22:32
[2025-10-18T18:22:32.168+0000] {subprocess.py:93} INFO - [0m18:22:32  Nothing to do. Try checking your model configs and model specification args
[2025-10-18T18:22:32.749+0000] {subprocess.py:97} INFO - Command exited with return code 0
[2025-10-18T18:22:32.761+0000] {taskinstance.py:340} INFO - ::group::Post task execution logs
[2025-10-18T18:22:32.761+0000] {taskinstance.py:352} INFO - Marking task as SUCCESS. dag_id=extract_raw_data_pipeline, task_id=run_dbt_staging, run_id=manual__2025-10-18T18:22:27.689813+00:00, execution_date=20251018T182227, start_date=20251018T182230, end_date=20251018T182232
[2025-10-18T18:22:32.777+0000] {local_task_job_runner.py:266} INFO - Task exited with return code 0
[2025-10-18T18:22:32.788+0000] {taskinstance.py:3900} INFO - 1 downstream tasks scheduled from follow-on schedule check
[2025-10-18T18:22:32.789+0000] {local_task_job_runner.py:245} INFO - ::endgroup::
