[2025-10-19T07:57:58.755+0000] {local_task_job_runner.py:123} INFO - ::group::Pre task execution logs
[2025-10-19T07:57:58.760+0000] {taskinstance.py:2612} INFO - Dependencies all met for dep_context=non-requeueable deps ti=<TaskInstance: extract_raw_data_pipeline.create_raw_schema scheduled__2025-10-19T07:56:00+00:00 [queued]>
[2025-10-19T07:57:58.765+0000] {taskinstance.py:2612} INFO - Dependencies all met for dep_context=requeueable deps ti=<TaskInstance: extract_raw_data_pipeline.create_raw_schema scheduled__2025-10-19T07:56:00+00:00 [queued]>
[2025-10-19T07:57:58.766+0000] {taskinstance.py:2865} INFO - Starting attempt 1 of 1
[2025-10-19T07:57:58.772+0000] {taskinstance.py:2888} INFO - Executing <Task(SQLExecuteQueryOperator): create_raw_schema> on 2025-10-19 07:56:00+00:00
[2025-10-19T07:57:58.775+0000] {warnings.py:112} WARNING - /home/***/.local/lib/python3.12/site-packages/***/task/task_runner/standard_task_runner.py:70: DeprecationWarning: This process (pid=3754) is multi-threaded, use of fork() may lead to deadlocks in the child.
  pid = os.fork()

[2025-10-19T07:57:58.776+0000] {standard_task_runner.py:72} INFO - Started process 3759 to run task
[2025-10-19T07:57:58.776+0000] {standard_task_runner.py:104} INFO - Running: ['***', 'tasks', 'run', 'extract_raw_data_pipeline', 'create_raw_schema', 'scheduled__2025-10-19T07:56:00+00:00', '--job-id', '58', '--raw', '--subdir', 'DAGS_FOLDER/driven_data_pipeline.py', '--cfg-path', '/tmp/tmp4uknxx_9']
[2025-10-19T07:57:58.777+0000] {standard_task_runner.py:105} INFO - Job 58: Subtask create_raw_schema
[2025-10-19T07:57:58.795+0000] {task_command.py:467} INFO - Running <TaskInstance: extract_raw_data_pipeline.create_raw_schema scheduled__2025-10-19T07:56:00+00:00 [running]> on host 84bff775251d
[2025-10-19T07:57:58.820+0000] {taskinstance.py:3131} INFO - Exporting env vars: AIRFLOW_CTX_DAG_OWNER='***' AIRFLOW_CTX_DAG_ID='extract_raw_data_pipeline' AIRFLOW_CTX_TASK_ID='create_raw_schema' AIRFLOW_CTX_EXECUTION_DATE='2025-10-19T07:56:00+00:00' AIRFLOW_CTX_TRY_NUMBER='1' AIRFLOW_CTX_DAG_RUN_ID='scheduled__2025-10-19T07:56:00+00:00'
[2025-10-19T07:57:58.821+0000] {taskinstance.py:731} INFO - ::endgroup::
[2025-10-19T07:57:58.826+0000] {sql.py:266} INFO - Executing: CREATE SCHEMA IF NOT EXISTS driven_raw;
[2025-10-19T07:57:58.829+0000] {base.py:84} INFO - Retrieving connection 'postgres_conn'
[2025-10-19T07:57:58.832+0000] {base.py:84} INFO - Retrieving connection 'postgres_conn'
[2025-10-19T07:57:58.834+0000] {sql.py:509} INFO - Running statement: CREATE SCHEMA IF NOT EXISTS driven_raw;, parameters: None
[2025-10-19T07:57:58.838+0000] {taskinstance.py:340} INFO - ::group::Post task execution logs
[2025-10-19T07:57:58.839+0000] {taskinstance.py:352} INFO - Marking task as SUCCESS. dag_id=extract_raw_data_pipeline, task_id=create_raw_schema, run_id=scheduled__2025-10-19T07:56:00+00:00, execution_date=20251019T075600, start_date=20251019T075758, end_date=20251019T075758
[2025-10-19T07:57:58.874+0000] {local_task_job_runner.py:266} INFO - Task exited with return code 0
[2025-10-19T07:57:58.885+0000] {taskinstance.py:3900} INFO - 0 downstream tasks scheduled from follow-on schedule check
[2025-10-19T07:57:58.885+0000] {local_task_job_runner.py:245} INFO - ::endgroup::
