[2025-10-18T19:31:45.372+0000] {local_task_job_runner.py:123} INFO - ::group::Pre task execution logs
[2025-10-18T19:31:45.380+0000] {taskinstance.py:2612} INFO - Dependencies all met for dep_context=non-requeueable deps ti=<TaskInstance: extract_raw_data_pipeline.run_dbt_staging manual__2025-10-18T19:31:13.226744+00:00 [queued]>
[2025-10-18T19:31:45.384+0000] {taskinstance.py:2612} INFO - Dependencies all met for dep_context=requeueable deps ti=<TaskInstance: extract_raw_data_pipeline.run_dbt_staging manual__2025-10-18T19:31:13.226744+00:00 [queued]>
[2025-10-18T19:31:45.384+0000] {taskinstance.py:2865} INFO - Starting attempt 1 of 1
[2025-10-18T19:31:45.390+0000] {taskinstance.py:2888} INFO - Executing <Task(BashOperator): run_dbt_staging> on 2025-10-18 19:31:13.226744+00:00
[2025-10-18T19:31:45.393+0000] {warnings.py:112} WARNING - /home/***/.local/lib/python3.12/site-packages/***/task/task_runner/standard_task_runner.py:70: DeprecationWarning: This process (pid=2238) is multi-threaded, use of fork() may lead to deadlocks in the child.
  pid = os.fork()

[2025-10-18T19:31:45.394+0000] {standard_task_runner.py:72} INFO - Started process 2240 to run task
[2025-10-18T19:31:45.394+0000] {standard_task_runner.py:104} INFO - Running: ['***', 'tasks', 'run', 'extract_raw_data_pipeline', 'run_dbt_staging', 'manual__2025-10-18T19:31:13.226744+00:00', '--job-id', '39', '--raw', '--subdir', 'DAGS_FOLDER/driven_data_pipeline.py', '--cfg-path', '/tmp/tmpgn1idtqn']
[2025-10-18T19:31:45.395+0000] {standard_task_runner.py:105} INFO - Job 39: Subtask run_dbt_staging
[2025-10-18T19:31:45.416+0000] {task_command.py:467} INFO - Running <TaskInstance: extract_raw_data_pipeline.run_dbt_staging manual__2025-10-18T19:31:13.226744+00:00 [running]> on host 84bff775251d
[2025-10-18T19:31:45.444+0000] {taskinstance.py:3131} INFO - Exporting env vars: AIRFLOW_CTX_DAG_OWNER='***' AIRFLOW_CTX_DAG_ID='extract_raw_data_pipeline' AIRFLOW_CTX_TASK_ID='run_dbt_staging' AIRFLOW_CTX_EXECUTION_DATE='2025-10-18T19:31:13.226744+00:00' AIRFLOW_CTX_TRY_NUMBER='1' AIRFLOW_CTX_DAG_RUN_ID='manual__2025-10-18T19:31:13.226744+00:00'
[2025-10-18T19:31:45.445+0000] {taskinstance.py:731} INFO - ::endgroup::
[2025-10-18T19:31:45.450+0000] {subprocess.py:63} INFO - Tmp dir root location: /tmp
[2025-10-18T19:31:45.450+0000] {subprocess.py:75} INFO - Running command: ['/usr/bin/bash', '-c', 'set -x; cd /opt/***/dbt && dbt run --select tag:staging']
[2025-10-18T19:31:45.454+0000] {subprocess.py:86} INFO - Output:
[2025-10-18T19:31:45.454+0000] {subprocess.py:93} INFO - + cd /opt/***/dbt
[2025-10-18T19:31:45.455+0000] {subprocess.py:93} INFO - + dbt run --select tag:staging
[2025-10-18T19:31:46.329+0000] {subprocess.py:93} INFO - [0m19:31:46  Running with dbt=1.8.0
[2025-10-18T19:31:46.410+0000] {subprocess.py:93} INFO - [0m19:31:46  Registered adapter: postgres=1.8.2
[2025-10-18T19:31:46.463+0000] {subprocess.py:93} INFO - [0m19:31:46  Unable to do partial parsing because a project config has changed
[2025-10-18T19:31:46.870+0000] {subprocess.py:93} INFO - [0m19:31:46  Found 9 models, 10 sources, 428 macros
[2025-10-18T19:31:46.871+0000] {subprocess.py:93} INFO - [0m19:31:46
[2025-10-18T19:31:46.947+0000] {subprocess.py:93} INFO - [0m19:31:46  Concurrency: 1 threads (target='dev')
[2025-10-18T19:31:46.948+0000] {subprocess.py:93} INFO - [0m19:31:46
[2025-10-18T19:31:46.952+0000] {subprocess.py:93} INFO - [0m19:31:46  1 of 5 START sql table model driven_staging.dim_address ........................ [RUN]
[2025-10-18T19:31:47.444+0000] {subprocess.py:93} INFO - [0m19:31:47  1 of 5 OK created sql table model driven_staging.dim_address ................... [[32mSELECT 601718[0m in 0.49s]
[2025-10-18T19:31:47.445+0000] {subprocess.py:93} INFO - [0m19:31:47  2 of 5 START sql table model driven_staging.dim_date ........................... [RUN]
[2025-10-18T19:31:47.796+0000] {subprocess.py:93} INFO - [0m19:31:47  2 of 5 OK created sql table model driven_staging.dim_date ...................... [[32mSELECT 601718[0m in 0.35s]
[2025-10-18T19:31:47.797+0000] {subprocess.py:93} INFO - [0m19:31:47  3 of 5 START sql table model driven_staging.dim_finance ........................ [RUN]
[2025-10-18T19:31:48.186+0000] {subprocess.py:93} INFO - [0m19:31:48  3 of 5 OK created sql table model driven_staging.dim_finance ................... [[32mSELECT 601718[0m in 0.39s]
[2025-10-18T19:31:48.188+0000] {subprocess.py:93} INFO - [0m19:31:48  4 of 5 START sql table model driven_staging.dim_person ......................... [RUN]
[2025-10-18T19:31:48.804+0000] {subprocess.py:93} INFO - [0m19:31:48  4 of 5 OK created sql table model driven_staging.dim_person .................... [[32mSELECT 601718[0m in 0.62s]
[2025-10-18T19:31:48.805+0000] {subprocess.py:93} INFO - [0m19:31:48  5 of 5 START sql table model driven_staging.fact_network_usage ................. [RUN]
[2025-10-18T19:31:49.347+0000] {subprocess.py:93} INFO - [0m19:31:49  5 of 5 OK created sql table model driven_staging.fact_network_usage ............ [[32mSELECT 601718[0m in 0.54s]
[2025-10-18T19:31:49.359+0000] {subprocess.py:93} INFO - [0m19:31:49
[2025-10-18T19:31:49.360+0000] {subprocess.py:93} INFO - [0m19:31:49  Finished running 5 table models in 0 hours 0 minutes and 2.49 seconds (2.49s).
[2025-10-18T19:31:49.383+0000] {subprocess.py:93} INFO - [0m19:31:49
[2025-10-18T19:31:49.384+0000] {subprocess.py:93} INFO - [0m19:31:49  [32mCompleted successfully[0m
[2025-10-18T19:31:49.385+0000] {subprocess.py:93} INFO - [0m19:31:49
[2025-10-18T19:31:49.385+0000] {subprocess.py:93} INFO - [0m19:31:49  Done. PASS=5 WARN=0 ERROR=0 SKIP=0 TOTAL=5
[2025-10-18T19:31:49.936+0000] {subprocess.py:97} INFO - Command exited with return code 0
[2025-10-18T19:31:49.953+0000] {taskinstance.py:340} INFO - ::group::Post task execution logs
[2025-10-18T19:31:49.953+0000] {taskinstance.py:352} INFO - Marking task as SUCCESS. dag_id=extract_raw_data_pipeline, task_id=run_dbt_staging, run_id=manual__2025-10-18T19:31:13.226744+00:00, execution_date=20251018T193113, start_date=20251018T193145, end_date=20251018T193149
[2025-10-18T19:31:49.985+0000] {local_task_job_runner.py:266} INFO - Task exited with return code 0
[2025-10-18T19:31:49.997+0000] {taskinstance.py:3900} INFO - 1 downstream tasks scheduled from follow-on schedule check
[2025-10-18T19:31:49.998+0000] {local_task_job_runner.py:245} INFO - ::endgroup::
