[2025-10-18T19:17:24.320+0000] {local_task_job_runner.py:123} INFO - ::group::Pre task execution logs
[2025-10-18T19:17:24.327+0000] {taskinstance.py:2612} INFO - Dependencies all met for dep_context=non-requeueable deps ti=<TaskInstance: extract_raw_data_pipeline.extract_raw_data manual__2025-10-18T19:17:23.040420+00:00 [queued]>
[2025-10-18T19:17:24.330+0000] {taskinstance.py:2612} INFO - Dependencies all met for dep_context=requeueable deps ti=<TaskInstance: extract_raw_data_pipeline.extract_raw_data manual__2025-10-18T19:17:23.040420+00:00 [queued]>
[2025-10-18T19:17:24.330+0000] {taskinstance.py:2865} INFO - Starting attempt 1 of 1
[2025-10-18T19:17:24.338+0000] {taskinstance.py:2888} INFO - Executing <Task(PythonOperator): extract_raw_data> on 2025-10-18 19:17:23.040420+00:00
[2025-10-18T19:17:24.342+0000] {warnings.py:112} WARNING - /home/***/.local/lib/python3.12/site-packages/***/task/task_runner/standard_task_runner.py:70: DeprecationWarning: This process (pid=1979) is multi-threaded, use of fork() may lead to deadlocks in the child.
  pid = os.fork()

[2025-10-18T19:17:24.343+0000] {standard_task_runner.py:72} INFO - Started process 1983 to run task
[2025-10-18T19:17:24.343+0000] {standard_task_runner.py:104} INFO - Running: ['***', 'tasks', 'run', 'extract_raw_data_pipeline', 'extract_raw_data', 'manual__2025-10-18T19:17:23.040420+00:00', '--job-id', '30', '--raw', '--subdir', 'DAGS_FOLDER/driven_data_pipeline.py', '--cfg-path', '/tmp/tmph6bzei55']
[2025-10-18T19:17:24.344+0000] {standard_task_runner.py:105} INFO - Job 30: Subtask extract_raw_data
[2025-10-18T19:17:24.363+0000] {task_command.py:467} INFO - Running <TaskInstance: extract_raw_data_pipeline.extract_raw_data manual__2025-10-18T19:17:23.040420+00:00 [running]> on host 84bff775251d
[2025-10-18T19:17:24.393+0000] {taskinstance.py:3131} INFO - Exporting env vars: AIRFLOW_CTX_DAG_OWNER='***' AIRFLOW_CTX_DAG_ID='extract_raw_data_pipeline' AIRFLOW_CTX_TASK_ID='extract_raw_data' AIRFLOW_CTX_EXECUTION_DATE='2025-10-18T19:17:23.040420+00:00' AIRFLOW_CTX_TRY_NUMBER='1' AIRFLOW_CTX_DAG_RUN_ID='manual__2025-10-18T19:17:23.040420+00:00'
[2025-10-18T19:17:24.394+0000] {taskinstance.py:731} INFO - ::endgroup::
[2025-10-18T19:17:24.401+0000] {driven_data_pipeline.py:135} INFO - Started batch processing for 2025-10-18.
[2025-10-18T19:17:24.401+0000] {driven_data_pipeline.py:27} INFO - Created synthetic data for MX country code.
[2025-10-18T19:17:52.532+0000] {driven_data_pipeline.py:92} INFO - Written 300372 records to the CSV file.
[2025-10-18T19:17:53.154+0000] {driven_data_pipeline.py:108} INFO - Added UUID to the dataset.
[2025-10-18T19:17:53.286+0000] {driven_data_pipeline.py:127} INFO - Updated accessed timestamp.
[2025-10-18T19:17:53.286+0000] {driven_data_pipeline.py:143} INFO - Finished batch processing 2025-10-18.
[2025-10-18T19:17:53.287+0000] {python.py:240} INFO - Done. Returned value was: None
[2025-10-18T19:17:53.293+0000] {taskinstance.py:340} INFO - ::group::Post task execution logs
[2025-10-18T19:17:53.294+0000] {taskinstance.py:352} INFO - Marking task as SUCCESS. dag_id=extract_raw_data_pipeline, task_id=extract_raw_data, run_id=manual__2025-10-18T19:17:23.040420+00:00, execution_date=20251018T191723, start_date=20251018T191724, end_date=20251018T191753
[2025-10-18T19:17:53.344+0000] {local_task_job_runner.py:266} INFO - Task exited with return code 0
[2025-10-18T19:17:53.357+0000] {taskinstance.py:3900} INFO - 1 downstream tasks scheduled from follow-on schedule check
[2025-10-18T19:17:53.358+0000] {local_task_job_runner.py:245} INFO - ::endgroup::
