[2025-10-18T18:54:47.894+0000] {local_task_job_runner.py:123} INFO - ::group::Pre task execution logs
[2025-10-18T18:54:47.903+0000] {taskinstance.py:2612} INFO - Dependencies all met for dep_context=non-requeueable deps ti=<TaskInstance: extract_raw_data_pipeline.create_raw_schema manual__2025-10-18T18:54:47.051864+00:00 [queued]>
[2025-10-18T18:54:47.909+0000] {taskinstance.py:2612} INFO - Dependencies all met for dep_context=requeueable deps ti=<TaskInstance: extract_raw_data_pipeline.create_raw_schema manual__2025-10-18T18:54:47.051864+00:00 [queued]>
[2025-10-18T18:54:47.910+0000] {taskinstance.py:2865} INFO - Starting attempt 1 of 1
[2025-10-18T18:54:47.915+0000] {taskinstance.py:2888} INFO - Executing <Task(SQLExecuteQueryOperator): create_raw_schema> on 2025-10-18 18:54:47.051864+00:00
[2025-10-18T18:54:47.918+0000] {warnings.py:112} WARNING - /home/***/.local/lib/python3.12/site-packages/***/task/task_runner/standard_task_runner.py:70: DeprecationWarning: This process (pid=1575) is multi-threaded, use of fork() may lead to deadlocks in the child.
  pid = os.fork()

[2025-10-18T18:54:47.918+0000] {standard_task_runner.py:72} INFO - Started process 1578 to run task
[2025-10-18T18:54:47.919+0000] {standard_task_runner.py:104} INFO - Running: ['***', 'tasks', 'run', 'extract_raw_data_pipeline', 'create_raw_schema', 'manual__2025-10-18T18:54:47.051864+00:00', '--job-id', '13', '--raw', '--subdir', 'DAGS_FOLDER/driven_data_pipeline.py', '--cfg-path', '/tmp/tmpmqwnol99']
[2025-10-18T18:54:47.920+0000] {standard_task_runner.py:105} INFO - Job 13: Subtask create_raw_schema
[2025-10-18T18:54:47.956+0000] {task_command.py:467} INFO - Running <TaskInstance: extract_raw_data_pipeline.create_raw_schema manual__2025-10-18T18:54:47.051864+00:00 [running]> on host 84bff775251d
[2025-10-18T18:54:47.993+0000] {taskinstance.py:3131} INFO - Exporting env vars: AIRFLOW_CTX_DAG_OWNER='***' AIRFLOW_CTX_DAG_ID='extract_raw_data_pipeline' AIRFLOW_CTX_TASK_ID='create_raw_schema' AIRFLOW_CTX_EXECUTION_DATE='2025-10-18T18:54:47.051864+00:00' AIRFLOW_CTX_TRY_NUMBER='1' AIRFLOW_CTX_DAG_RUN_ID='manual__2025-10-18T18:54:47.051864+00:00'
[2025-10-18T18:54:47.994+0000] {taskinstance.py:731} INFO - ::endgroup::
[2025-10-18T18:54:48.003+0000] {sql.py:266} INFO - Executing: CREATE SCHEMA IF NOT EXISTS driven_raw;
[2025-10-18T18:54:48.008+0000] {base.py:84} INFO - Retrieving connection 'postgres_conn'
[2025-10-18T18:54:48.013+0000] {base.py:84} INFO - Retrieving connection 'postgres_conn'
[2025-10-18T18:54:48.014+0000] {sql.py:509} INFO - Running statement: CREATE SCHEMA IF NOT EXISTS driven_raw;, parameters: None
[2025-10-18T18:54:48.019+0000] {taskinstance.py:340} INFO - ::group::Post task execution logs
[2025-10-18T18:54:48.020+0000] {taskinstance.py:352} INFO - Marking task as SUCCESS. dag_id=extract_raw_data_pipeline, task_id=create_raw_schema, run_id=manual__2025-10-18T18:54:47.051864+00:00, execution_date=20251018T185447, start_date=20251018T185447, end_date=20251018T185448
[2025-10-18T18:54:48.061+0000] {local_task_job_runner.py:266} INFO - Task exited with return code 0
[2025-10-18T18:54:48.076+0000] {taskinstance.py:3900} INFO - 0 downstream tasks scheduled from follow-on schedule check
[2025-10-18T18:54:48.076+0000] {local_task_job_runner.py:245} INFO - ::endgroup::
