[2025-10-18T19:17:59.295+0000] {local_task_job_runner.py:123} INFO - ::group::Pre task execution logs
[2025-10-18T19:17:59.301+0000] {taskinstance.py:2612} INFO - Dependencies all met for dep_context=non-requeueable deps ti=<TaskInstance: extract_raw_data_pipeline.run_dbt_trusted manual__2025-10-18T19:17:23.040420+00:00 [queued]>
[2025-10-18T19:17:59.304+0000] {taskinstance.py:2612} INFO - Dependencies all met for dep_context=requeueable deps ti=<TaskInstance: extract_raw_data_pipeline.run_dbt_trusted manual__2025-10-18T19:17:23.040420+00:00 [queued]>
[2025-10-18T19:17:59.304+0000] {taskinstance.py:2865} INFO - Starting attempt 1 of 1
[2025-10-18T19:17:59.309+0000] {taskinstance.py:2888} INFO - Executing <Task(BashOperator): run_dbt_trusted> on 2025-10-18 19:17:23.040420+00:00
[2025-10-18T19:17:59.311+0000] {warnings.py:112} WARNING - /home/***/.local/lib/python3.12/site-packages/***/task/task_runner/standard_task_runner.py:70: DeprecationWarning: This process (pid=2017) is multi-threaded, use of fork() may lead to deadlocks in the child.
  pid = os.fork()

[2025-10-18T19:17:59.312+0000] {standard_task_runner.py:72} INFO - Started process 2019 to run task
[2025-10-18T19:17:59.312+0000] {standard_task_runner.py:104} INFO - Running: ['***', 'tasks', 'run', 'extract_raw_data_pipeline', 'run_dbt_trusted', 'manual__2025-10-18T19:17:23.040420+00:00', '--job-id', '34', '--raw', '--subdir', 'DAGS_FOLDER/driven_data_pipeline.py', '--cfg-path', '/tmp/tmpvoce1i6f']
[2025-10-18T19:17:59.313+0000] {standard_task_runner.py:105} INFO - Job 34: Subtask run_dbt_trusted
[2025-10-18T19:17:59.329+0000] {task_command.py:467} INFO - Running <TaskInstance: extract_raw_data_pipeline.run_dbt_trusted manual__2025-10-18T19:17:23.040420+00:00 [running]> on host 84bff775251d
[2025-10-18T19:17:59.355+0000] {taskinstance.py:3131} INFO - Exporting env vars: AIRFLOW_CTX_DAG_OWNER='***' AIRFLOW_CTX_DAG_ID='extract_raw_data_pipeline' AIRFLOW_CTX_TASK_ID='run_dbt_trusted' AIRFLOW_CTX_EXECUTION_DATE='2025-10-18T19:17:23.040420+00:00' AIRFLOW_CTX_TRY_NUMBER='1' AIRFLOW_CTX_DAG_RUN_ID='manual__2025-10-18T19:17:23.040420+00:00'
[2025-10-18T19:17:59.355+0000] {taskinstance.py:731} INFO - ::endgroup::
[2025-10-18T19:17:59.360+0000] {subprocess.py:63} INFO - Tmp dir root location: /tmp
[2025-10-18T19:17:59.361+0000] {subprocess.py:75} INFO - Running command: ['/usr/bin/bash', '-c', 'set -x; cd /opt/***/dbt && dbt run --select tag:driven_trusted']
[2025-10-18T19:17:59.364+0000] {subprocess.py:86} INFO - Output:
[2025-10-18T19:17:59.365+0000] {subprocess.py:93} INFO - + cd /opt/***/dbt
[2025-10-18T19:17:59.365+0000] {subprocess.py:93} INFO - + dbt run --select tag:driven_trusted
[2025-10-18T19:18:00.318+0000] {subprocess.py:93} INFO - [0m19:18:00  Running with dbt=1.8.0
[2025-10-18T19:18:00.409+0000] {subprocess.py:93} INFO - [0m19:18:00  Registered adapter: postgres=1.8.2
[2025-10-18T19:18:00.562+0000] {subprocess.py:93} INFO - [0m19:18:00  Found 10 sources, 428 macros
[2025-10-18T19:18:00.563+0000] {subprocess.py:93} INFO - [0m19:18:00  The selection criterion 'tag:driven_trusted' does not match any enabled nodes
[2025-10-18T19:18:00.564+0000] {subprocess.py:93} INFO - [0m19:18:00
[2025-10-18T19:18:00.564+0000] {subprocess.py:93} INFO - [0m19:18:00  Nothing to do. Try checking your model configs and model specification args
[2025-10-18T19:18:01.069+0000] {subprocess.py:97} INFO - Command exited with return code 0
[2025-10-18T19:18:01.082+0000] {taskinstance.py:340} INFO - ::group::Post task execution logs
[2025-10-18T19:18:01.082+0000] {taskinstance.py:352} INFO - Marking task as SUCCESS. dag_id=extract_raw_data_pipeline, task_id=run_dbt_trusted, run_id=manual__2025-10-18T19:17:23.040420+00:00, execution_date=20251018T191723, start_date=20251018T191759, end_date=20251018T191801
[2025-10-18T19:18:01.096+0000] {local_task_job_runner.py:266} INFO - Task exited with return code 0
[2025-10-18T19:18:01.104+0000] {taskinstance.py:3900} INFO - 0 downstream tasks scheduled from follow-on schedule check
[2025-10-18T19:18:01.105+0000] {local_task_job_runner.py:245} INFO - ::endgroup::
