[2025-10-18T19:17:57.200+0000] {local_task_job_runner.py:123} INFO - ::group::Pre task execution logs
[2025-10-18T19:17:57.206+0000] {taskinstance.py:2612} INFO - Dependencies all met for dep_context=non-requeueable deps ti=<TaskInstance: extract_raw_data_pipeline.run_dbt_staging manual__2025-10-18T19:17:23.040420+00:00 [queued]>
[2025-10-18T19:17:57.209+0000] {taskinstance.py:2612} INFO - Dependencies all met for dep_context=requeueable deps ti=<TaskInstance: extract_raw_data_pipeline.run_dbt_staging manual__2025-10-18T19:17:23.040420+00:00 [queued]>
[2025-10-18T19:17:57.209+0000] {taskinstance.py:2865} INFO - Starting attempt 1 of 1
[2025-10-18T19:17:57.214+0000] {taskinstance.py:2888} INFO - Executing <Task(BashOperator): run_dbt_staging> on 2025-10-18 19:17:23.040420+00:00
[2025-10-18T19:17:57.217+0000] {warnings.py:112} WARNING - /home/***/.local/lib/python3.12/site-packages/***/task/task_runner/standard_task_runner.py:70: DeprecationWarning: This process (pid=2009) is multi-threaded, use of fork() may lead to deadlocks in the child.
  pid = os.fork()

[2025-10-18T19:17:57.217+0000] {standard_task_runner.py:72} INFO - Started process 2011 to run task
[2025-10-18T19:17:57.218+0000] {standard_task_runner.py:104} INFO - Running: ['***', 'tasks', 'run', 'extract_raw_data_pipeline', 'run_dbt_staging', 'manual__2025-10-18T19:17:23.040420+00:00', '--job-id', '33', '--raw', '--subdir', 'DAGS_FOLDER/driven_data_pipeline.py', '--cfg-path', '/tmp/tmpgsmqb4ru']
[2025-10-18T19:17:57.219+0000] {standard_task_runner.py:105} INFO - Job 33: Subtask run_dbt_staging
[2025-10-18T19:17:57.236+0000] {task_command.py:467} INFO - Running <TaskInstance: extract_raw_data_pipeline.run_dbt_staging manual__2025-10-18T19:17:23.040420+00:00 [running]> on host 84bff775251d
[2025-10-18T19:17:57.265+0000] {taskinstance.py:3131} INFO - Exporting env vars: AIRFLOW_CTX_DAG_OWNER='***' AIRFLOW_CTX_DAG_ID='extract_raw_data_pipeline' AIRFLOW_CTX_TASK_ID='run_dbt_staging' AIRFLOW_CTX_EXECUTION_DATE='2025-10-18T19:17:23.040420+00:00' AIRFLOW_CTX_TRY_NUMBER='1' AIRFLOW_CTX_DAG_RUN_ID='manual__2025-10-18T19:17:23.040420+00:00'
[2025-10-18T19:17:57.265+0000] {taskinstance.py:731} INFO - ::endgroup::
[2025-10-18T19:17:57.270+0000] {subprocess.py:63} INFO - Tmp dir root location: /tmp
[2025-10-18T19:17:57.271+0000] {subprocess.py:75} INFO - Running command: ['/usr/bin/bash', '-c', 'set -x; cd /opt/***/dbt && dbt run --select tag:driven_staging']
[2025-10-18T19:17:57.275+0000] {subprocess.py:86} INFO - Output:
[2025-10-18T19:17:57.276+0000] {subprocess.py:93} INFO - + cd /opt/***/dbt
[2025-10-18T19:17:57.276+0000] {subprocess.py:93} INFO - + dbt run --select tag:driven_staging
[2025-10-18T19:17:58.221+0000] {subprocess.py:93} INFO - [0m19:17:58  Running with dbt=1.8.0
[2025-10-18T19:17:58.310+0000] {subprocess.py:93} INFO - [0m19:17:58  Registered adapter: postgres=1.8.2
[2025-10-18T19:17:58.419+0000] {subprocess.py:93} INFO - [0m19:17:58  Found 10 sources, 428 macros
[2025-10-18T19:17:58.420+0000] {subprocess.py:93} INFO - [0m19:17:58  The selection criterion 'tag:driven_staging' does not match any enabled nodes
[2025-10-18T19:17:58.421+0000] {subprocess.py:93} INFO - [0m19:17:58
[2025-10-18T19:17:58.421+0000] {subprocess.py:93} INFO - [0m19:17:58  Nothing to do. Try checking your model configs and model specification args
[2025-10-18T19:17:58.989+0000] {subprocess.py:97} INFO - Command exited with return code 0
[2025-10-18T19:17:59.002+0000] {taskinstance.py:340} INFO - ::group::Post task execution logs
[2025-10-18T19:17:59.003+0000] {taskinstance.py:352} INFO - Marking task as SUCCESS. dag_id=extract_raw_data_pipeline, task_id=run_dbt_staging, run_id=manual__2025-10-18T19:17:23.040420+00:00, execution_date=20251018T191723, start_date=20251018T191757, end_date=20251018T191759
[2025-10-18T19:17:59.030+0000] {local_task_job_runner.py:266} INFO - Task exited with return code 0
[2025-10-18T19:17:59.040+0000] {taskinstance.py:3900} INFO - 1 downstream tasks scheduled from follow-on schedule check
[2025-10-18T19:17:59.041+0000] {local_task_job_runner.py:245} INFO - ::endgroup::
